// Jest Snapshot v1, https://goo.gl/fbAQLP

exports[`Trigger Period Cycle Get Schedule 1`] = `
{
  "orchardStatuses": [
    {
      "currentTree": 20,
      "isOpen": true,
      "name": "1",
    },
    {
      "currentTree": 15,
      "isOpen": true,
      "name": "2",
    },
    {
      "currentTree": 7,
      "isOpen": true,
      "name": "3",
    },
  ],
}
`;
